---
source: crates/synd_api/src/args.rs
expression: args
---
Args {
    kvsd: KvsdOptions {
        kvsd_host: "foo",
        kvsd_port: 3000,
        kvsd_username: "me",
        kvsd_password: "secret",
    },
    bind: BindOptions {
        addr: 127.0.0.1,
        port: 5959,
    },
    serve: ServeOptions {
        timeout: 30s,
        body_limit_bytes: 2048,
        concurrency_limit: 100,
    },
    tls: TlsOptions {
        certificate: "path/to/cert",
        private_key: "path/to/key",
    },
    o11y: ObservabilityOptions {
        show_code_location: false,
        show_target: true,
        otlp_endpoint: None,
        trace_sampler_ratio: 1.0,
    },
    cache: CacheOptions {
        feed_cache_size_mb: 100,
        feed_cache_ttl: 10800s,
        feed_cache_refresh_interval: 7200s,
    },
}
