---
source: crates/synd_api/src/monitor.rs
description: metrics which monitor emits
---
- monotonic_counter.runtime.poll
- monotonic_counter.runtime.busy_duration
- monotonic_counter.task.graphql.mean_poll_duration
- monotonic_counter.task.graphql.mean_slow_poll_duration
- monotonic_counter.task.graphql.mean_first_poll_delay
- monotonic_counter.task.graphql.mean_scheduled_duration
- monotonic_counter.task.graphql.mean_idle_duration
