---
source: crates/synd_kvsd/src/config/file.rs
expression: c
---
ConfigFile {
    connection: Some(
        ConnectionEntry {
            limit: Some(
                2048,
            ),
            buffer_size: Some(
                Byte(
                    4194304,
                ),
            ),
        },
    ),
    authentication: Some(
        AuthenticationEntry {
            timeout: Some(
                3s,
            ),
        },
    ),
    bind: Some(
        BindEntry {
            address: Some(
                127.0.0.1,
            ),
            port: Some(
                7777,
            ),
        },
    ),
    tls: Some(
        TlsEntry {
            disable: Some(
                true,
            ),
        },
    ),
}
