---
source: crates/synd_o11y/src/tracing_subscriber/otel_metrics/mod.rs
description: graphql duration histogram metrics
expression: req
---
resourceMetrics:
  - resource:
      attributes:
        - key: service.name
          value:
            stringValue: test
        - key: telemetry.sdk.language
          value:
            stringValue: rust
        - key: telemetry.sdk.name
          value:
            stringValue: opentelemetry
        - key: telemetry.sdk.version
          value:
            stringValue: 0.29.0
      droppedAttributesCount: 0
    scopeMetrics:
      - scope:
          name: tracing/tracing-opentelemetry
          version: "[INSTRUMENT_LIB_VERSION]"
          attributes: []
          droppedAttributesCount: 0
        metrics:
          - name: f1
            description: ""
            unit: ""
            metadata: []
            sum:
              dataPoints:
                - attributes:
                    - key: key1
                      value:
                        stringValue: val1
                  startTimeUnixNano: "[UNIX_TIMESTAMP]"
                  timeUnixNano: "[UNIX_TIMESTAMP]"
                  exemplars: []
                  flags: 0
                  asInt: 1
              aggregationTemporality: 2
              isMonotonic: true
        schemaUrl: ""
    schemaUrl: ""
