---
source: crates/synd_term/tests/integration.rs
description: github notifications enable review requested filter
expression: application.buffer()
---
Buffer {
    area: Rect { x: 0, y: 0, width: 120, height: 30 },
    content: [
        "  Syndicationd                                                                         󰊤 GitHub    󱉯 Entries    󰑫 Feeds ",
        "  󰈶 Filter  Unread  Participating  ReviewRequested                                                                     ",
        "   Search                                                                                                              ",
        "                                                                                                                        ",
        "  Updated   Title 1/1                                                                           Repository    Reason    ",
        "  4h ago    Request Review                                                                    repo-private  review   ▐",
        "                                                                                                                        ",
        "                                                                                                                        ",
        "                                                                                                                        ",
        "                                                                                                                        ",
        "                                                                                                                        ",
        "                                                                                                                        ",
        "                                                                                                                        ",
        "                                                                                                                        ",
        "                                                                                                                        ",
        "                                                                                                                        ",
        "                                                                                                                        ",
        "                                                                                                                        ",
        "                                                                                                                        ",
        "                                                                                                                        ",
        "────────────────────────────────────────────────────────────────────────────────────────────────────────────────────────",
        "   Subject    sakura / repo-private #3                                                                                 ",
        "  󰯂 Title      Request Review                                                                                           ",
        "   UpdatedAt  2024-07-05 04:00 (+00:00)                                                                                ",
        "  󱍵 Labels     A-vcs                                                                                                    ",
        "  󱙓 PR         @ferris                                                                                                  ",
        "  About feature...                                                                                                      ",
        "   Comment    @userA                                                                                                   ",
        "  Cool                                                                                                                  ",
        "                          Tab:󰹳  j/k:󰹹  gg:󱞧  ge:󱞥  c:  /:  f:󰈶  Ent:󰏌  d:  u:  r:󰑓  q:                            ",
    ],
    styles: [
        x: 0, y: 0, fg: Rgb(254, 205, 178), bg: Rgb(43, 41, 45), underline: Reset, modifier: NONE,
        x: 2, y: 0, fg: Rgb(254, 205, 178), bg: Rgb(43, 41, 45), underline: Reset, modifier: BOLD,
        x: 14, y: 0, fg: Rgb(254, 205, 178), bg: Rgb(43, 41, 45), underline: Reset, modifier: NONE,
        x: 87, y: 0, fg: Rgb(255, 160, 122), bg: Rgb(43, 41, 45), underline: Reset, modifier: BOLD,
        x: 95, y: 0, fg: Rgb(254, 205, 178), bg: Rgb(43, 41, 45), underline: Reset, modifier: NONE,
        x: 2, y: 1, fg: Rgb(254, 205, 178), bg: Rgb(43, 41, 45), underline: Reset, modifier: DIM,
        x: 10, y: 1, fg: Rgb(254, 205, 178), bg: Rgb(43, 41, 45), underline: Reset, modifier: NONE,
        x: 20, y: 1, fg: Rgb(254, 205, 178), bg: Rgb(43, 41, 45), underline: Reset, modifier: DIM,
        x: 33, y: 1, fg: Rgb(254, 205, 178), bg: Rgb(43, 41, 45), underline: Reset, modifier: NONE,
        x: 52, y: 1, fg: Rgb(247, 76, 0), bg: Rgb(43, 41, 45), underline: Reset, modifier: NONE,
        x: 53, y: 1, fg: Rgb(254, 205, 178), bg: Rgb(43, 41, 45), underline: Reset, modifier: NONE,
        x: 2, y: 2, fg: Rgb(254, 205, 178), bg: Rgb(43, 41, 45), underline: Reset, modifier: DIM,
        x: 10, y: 2, fg: Rgb(254, 205, 178), bg: Rgb(43, 41, 45), underline: Reset, modifier: NONE,
        x: 0, y: 4, fg: Rgb(254, 205, 178), bg: Rgb(43, 41, 45), underline: Reset, modifier: BOLD | UNDERLINED,
        x: 0, y: 5, fg: Rgb(255, 160, 122), bg: Rgb(43, 41, 45), underline: Reset, modifier: BOLD,
        x: 119, y: 5, fg: Rgb(254, 205, 178), bg: Rgb(43, 41, 45), underline: Reset, modifier: BOLD,
        x: 0, y: 6, fg: Rgb(254, 205, 178), bg: Rgb(43, 41, 45), underline: Reset, modifier: NONE,
        x: 2, y: 21, fg: Green, bg: Rgb(43, 41, 45), underline: Reset, modifier: BOLD,
        x: 3, y: 21, fg: Rgb(254, 205, 178), bg: Rgb(43, 41, 45), underline: Reset, modifier: BOLD,
        x: 11, y: 21, fg: Rgb(254, 205, 178), bg: Rgb(43, 41, 45), underline: Reset, modifier: NONE,
        x: 2, y: 22, fg: Rgb(254, 205, 178), bg: Rgb(43, 41, 45), underline: Reset, modifier: BOLD,
        x: 9, y: 22, fg: Rgb(254, 205, 178), bg: Rgb(43, 41, 45), underline: Reset, modifier: NONE,
        x: 2, y: 23, fg: Rgb(254, 205, 178), bg: Rgb(43, 41, 45), underline: Reset, modifier: BOLD,
        x: 13, y: 23, fg: Rgb(254, 205, 178), bg: Rgb(43, 41, 45), underline: Reset, modifier: NONE,
        x: 2, y: 24, fg: Rgb(254, 205, 178), bg: Rgb(43, 41, 45), underline: Reset, modifier: BOLD,
        x: 10, y: 24, fg: Rgb(254, 205, 178), bg: Rgb(43, 41, 45), underline: Reset, modifier: NONE,
        x: 15, y: 24, fg: Rgb(43, 41, 45), bg: Rgb(251, 202, 4), underline: Reset, modifier: NONE,
        x: 20, y: 24, fg: Rgb(254, 205, 178), bg: Rgb(43, 41, 45), underline: Reset, modifier: NONE,
        x: 2, y: 25, fg: Rgb(254, 205, 178), bg: Rgb(43, 41, 45), underline: Reset, modifier: BOLD | UNDERLINED,
        x: 6, y: 25, fg: Rgb(254, 205, 178), bg: Rgb(43, 41, 45), underline: Reset, modifier: NONE,
        x: 14, y: 25, fg: Rgb(254, 205, 178), bg: Rgb(43, 41, 45), underline: Reset, modifier: DIM,
        x: 22, y: 25, fg: Rgb(254, 205, 178), bg: Rgb(43, 41, 45), underline: Reset, modifier: NONE,
        x: 2, y: 27, fg: Rgb(254, 205, 178), bg: Rgb(43, 41, 45), underline: Reset, modifier: BOLD | UNDERLINED,
        x: 11, y: 27, fg: Rgb(254, 205, 178), bg: Rgb(43, 41, 45), underline: Reset, modifier: NONE,
        x: 14, y: 27, fg: Rgb(254, 205, 178), bg: Rgb(43, 41, 45), underline: Reset, modifier: DIM,
        x: 21, y: 27, fg: Rgb(254, 205, 178), bg: Rgb(43, 41, 45), underline: Reset, modifier: NONE,
        x: 26, y: 29, fg: Rgb(111, 93, 99), bg: Rgb(43, 41, 45), underline: Reset, modifier: NONE,
        x: 94, y: 29, fg: Rgb(254, 205, 178), bg: Rgb(43, 41, 45), underline: Reset, modifier: NONE,
    ]
}
