---
source: crates/synd_term/tests/integration.rs
description: unsubscribe popup
expression: application.buffer()
---
Buffer {
    area: Rect { x: 0, y: 0, width: 120, height: 30 },
    content: [
        "  Syndicationd                                                                                     󱉯 Entries    󰑫 Feeds ",
        "  󰈶 Filter    MAY                                                                                                      ",
        "   Search                                                                                                              ",
        "                                                                                                                        ",
        "  Updated     Feed 1/1                  URL                       Description                                       Req ",
        " 2024-05-29   This Week in Rust       this-week-in-rust.org                                                       SHD▐",
        "                                                                                                                       ▐",
        "                                                                                                                       ▐",
        "                                                                                                                       ▐",
        "                        ┌─────────────────────────────Unsubscribe──────────────────────────────┐                       ▐",
        "                        │                                                                      │                       ▐",
        "                        │                  Do you unsubscribe from this feed?                  │                       ▐",
        "                        │                                                                      │                       ▐",
        "                        │              Feed: This Week in Rust                                 │                       ▐",
        "                        │              URL : http://localhost:6020/feed/twir_atom              │                       ▐",
        "                        │                                                                      │                       ▐",
        "                        │ ──────────────────────────────────────────────────────────────────── │                       ▐",
        "                        │                           Yes      No                                │                       ▐",
        "                        │                                                                      │                       ▐",
        "                        │                                                                      │                       ▐",
        "────────────────────────└──────────────────────────────────────────────────────────────────────┘────────────────────────",
        "  󰚼 Authors   -                                  󰗀 Src  http://localhost:6020/feed/twir_atom                            ",
        "   Generator -                                  󰈙 Type Atom                                                            ",
        "   Category  rust                                Req  SHOULD                                                          ",
        "                                                                                                                        ",
        "  Published   Entry                              Summary                                                                ",
        "  2024-05-29  This Week in Rust 549              Hello and welcome to another issue of *This Week in Rust*! [Rust][1]   ",
        "  2024-05-22  This Week in Rust 548              Hello and welcome to another issue of *This Week in Rust*! [Rust][1]   ",
        "  2024-05-15  This Week in Rust 547              Hello and welcome to another issue of *This Week in Rust*! [Rust][1]   ",
        "                       Tab:󰹳  j/k:󰹹  gg:󱞧  ge:󱞥  h/l:  c:  /:  r:󰑓  Ent:󰏌  a:󰑫  e:  d:󰼡  q:                        ",
    ],
    styles: [
        x: 0, y: 0, fg: Rgb(254, 205, 178), bg: Rgb(43, 41, 45), underline: Reset, modifier: NONE,
        x: 2, y: 0, fg: Rgb(254, 205, 178), bg: Rgb(43, 41, 45), underline: Reset, modifier: BOLD,
        x: 14, y: 0, fg: Rgb(254, 205, 178), bg: Rgb(43, 41, 45), underline: Reset, modifier: NONE,
        x: 112, y: 0, fg: Rgb(255, 160, 122), bg: Rgb(43, 41, 45), underline: Reset, modifier: BOLD,
        x: 119, y: 0, fg: Rgb(254, 205, 178), bg: Rgb(43, 41, 45), underline: Reset, modifier: NONE,
        x: 2, y: 1, fg: Rgb(254, 205, 178), bg: Rgb(43, 41, 45), underline: Reset, modifier: DIM,
        x: 10, y: 1, fg: Rgb(254, 205, 178), bg: Rgb(43, 41, 45), underline: Reset, modifier: NONE,
        x: 14, y: 1, fg: Rgb(254, 205, 178), bg: Rgb(43, 41, 45), underline: Reset, modifier: DIM,
        x: 17, y: 1, fg: Rgb(254, 205, 178), bg: Rgb(43, 41, 45), underline: Reset, modifier: NONE,
        x: 20, y: 1, fg: Rgb(247, 76, 0), bg: Rgb(43, 41, 45), underline: Reset, modifier: NONE,
        x: 21, y: 1, fg: Rgb(254, 205, 178), bg: Rgb(43, 41, 45), underline: Reset, modifier: NONE,
        x: 2, y: 2, fg: Rgb(254, 205, 178), bg: Rgb(43, 41, 45), underline: Reset, modifier: DIM,
        x: 10, y: 2, fg: Rgb(254, 205, 178), bg: Rgb(43, 41, 45), underline: Reset, modifier: NONE,
        x: 0, y: 4, fg: Rgb(254, 205, 178), bg: Rgb(43, 41, 45), underline: Reset, modifier: BOLD | UNDERLINED,
        x: 0, y: 5, fg: Rgb(255, 160, 122), bg: Rgb(43, 41, 45), underline: Reset, modifier: BOLD,
        x: 119, y: 5, fg: Rgb(254, 205, 178), bg: Rgb(43, 41, 45), underline: Reset, modifier: BOLD,
        x: 0, y: 6, fg: Rgb(254, 205, 178), bg: Rgb(43, 41, 45), underline: Reset, modifier: NONE,
        x: 54, y: 9, fg: Rgb(254, 205, 178), bg: Rgb(43, 41, 45), underline: Reset, modifier: BOLD,
        x: 65, y: 9, fg: Rgb(254, 205, 178), bg: Rgb(43, 41, 45), underline: Reset, modifier: NONE,
        x: 45, y: 13, fg: Rgb(254, 205, 178), bg: Rgb(43, 41, 45), underline: Reset, modifier: BOLD,
        x: 62, y: 13, fg: Rgb(254, 205, 178), bg: Rgb(43, 41, 45), underline: Reset, modifier: NONE,
        x: 45, y: 14, fg: Rgb(254, 205, 178), bg: Rgb(43, 41, 45), underline: Reset, modifier: BOLD,
        x: 81, y: 14, fg: Rgb(254, 205, 178), bg: Rgb(43, 41, 45), underline: Reset, modifier: NONE,
        x: 26, y: 16, fg: Rgb(254, 205, 178), bg: Rgb(43, 41, 45), underline: Reset, modifier: DIM,
        x: 94, y: 16, fg: Rgb(254, 205, 178), bg: Rgb(43, 41, 45), underline: Reset, modifier: NONE,
        x: 51, y: 17, fg: Rgb(43, 41, 45), bg: Yellow, underline: Reset, modifier: NONE,
        x: 56, y: 17, fg: Rgb(254, 205, 178), bg: Rgb(43, 41, 45), underline: Reset, modifier: NONE,
        x: 2, y: 21, fg: Rgb(254, 205, 178), bg: Rgb(43, 41, 45), underline: Reset, modifier: BOLD,
        x: 11, y: 21, fg: Rgb(254, 205, 178), bg: Rgb(43, 41, 45), underline: Reset, modifier: NONE,
        x: 49, y: 21, fg: Rgb(254, 205, 178), bg: Rgb(43, 41, 45), underline: Reset, modifier: BOLD,
        x: 56, y: 21, fg: Rgb(254, 205, 178), bg: Rgb(43, 41, 45), underline: Reset, modifier: NONE,
        x: 2, y: 22, fg: Rgb(254, 205, 178), bg: Rgb(43, 41, 45), underline: Reset, modifier: BOLD,
        x: 13, y: 22, fg: Rgb(254, 205, 178), bg: Rgb(43, 41, 45), underline: Reset, modifier: NONE,
        x: 49, y: 22, fg: Rgb(254, 205, 178), bg: Rgb(43, 41, 45), underline: Reset, modifier: BOLD,
        x: 56, y: 22, fg: Rgb(254, 205, 178), bg: Rgb(43, 41, 45), underline: Reset, modifier: NONE,
        x: 2, y: 23, fg: Rgb(254, 205, 178), bg: Rgb(43, 41, 45), underline: Reset, modifier: BOLD,
        x: 12, y: 23, fg: Rgb(254, 205, 178), bg: Rgb(43, 41, 45), underline: Reset, modifier: NONE,
        x: 49, y: 23, fg: Rgb(254, 205, 178), bg: Rgb(43, 41, 45), underline: Reset, modifier: BOLD,
        x: 56, y: 23, fg: Rgb(254, 205, 178), bg: Rgb(43, 41, 45), underline: Reset, modifier: NONE,
        x: 2, y: 25, fg: Rgb(254, 205, 178), bg: Rgb(43, 41, 45), underline: Reset, modifier: BOLD | UNDERLINED,
        x: 118, y: 25, fg: Rgb(254, 205, 178), bg: Rgb(43, 41, 45), underline: Reset, modifier: NONE,
        x: 23, y: 29, fg: Rgb(111, 93, 99), bg: Rgb(43, 41, 45), underline: Reset, modifier: NONE,
        x: 98, y: 29, fg: Rgb(254, 205, 178), bg: Rgb(43, 41, 45), underline: Reset, modifier: NONE,
    ]
}
